{"event":"TOKEN_ISSUED","name":"vanjarapu karthik","room":"demo","role":"viewer","ts":"2026-03-10T11:17:43.935Z"}
{"event":"TOKEN_ISSUED","name":"vanjarapu karthik","room":"demo","role":"viewer","ts":"2026-03-10T11:17:46.317Z"}
{"event":"TOKEN_ISSUED","room":"demo","username":"vanjarapu karthik","ts":"2026-03-10T11:21:44.071Z"}
{"event":"TOKEN_ISSUED","room":"demo","username":"vanjarapu karthik","ts":"2026-03-10T11:21:45.957Z"}
{"event":"TOKEN_ISSUED","room":"Rom9","username":"vanjarapu karthik","ts":"2026-03-10T11:21:55.991Z"}
{"event":"TOKEN_ISSUED","room":"Rom9","username":"vanjarapu karthik","ts":"2026-03-10T11:21:56.420Z"}
{"event":"TOKEN_ISSUED","room":"Rom9","username":"vanjarapu karthik","ts":"2026-03-10T11:21:57.190Z"}
{"event":"TOKEN_ISSUED","room":"Room78","username":"gayatri","ts":"2026-03-10T11:24:29.277Z"}
{"event":"TOKEN_ISSUED","room":"Room78","username":"gayatri","ts":"2026-03-10T11:24:31.267Z"}
{"event":"TOKEN_ISSUED","room":"Room78","username":"gayatri","ts":"2026-03-10T11:30:41.081Z"}
{"event":"TOKEN_ISSUED","room":"Room78","username":"gayatri","ts":"2026-03-10T11:30:43.048Z"}
{"event":"TOKEN_ISSUED","room":"demo","username":"ls","ts":"2026-03-10T11:35:36.483Z"}
{"event":"TOKEN_ISSUED","room":"demo","username":"ls","ts":"2026-03-10T11:35:38.695Z"}
{"event":"TOKEN_ISSUED","room":"Room8","username":"ls","ts":"2026-03-10T11:35:47.035Z"}
{"event":"TOKEN_ISSUED","room":"Room8","username":"ls","ts":"2026-03-10T11:35:47.955Z"}
{"event":"TOKEN_ISSUED","room":"Room8","username":"ls","ts":"2026-03-10T11:35:48.752Z"}
{"event":"TOKEN_ISSUED","room":"Room89","username":"ks","ts":"2026-03-10T11:53:32.183Z"}
{"event":"TOKEN_ISSUED","room":"Room89","username":"ks","ts":"2026-03-10T11:53:34.200Z"}
{"event":"TOKEN_ISSUED","room":"Room89","username":"ks","ts":"2026-03-10T11:53:35.180Z"}
{"event":"TOKEN_ISSUED","room":"Room89","username":"ks","ts":"2026-03-10T11:53:36.108Z"}
{"event":"TOKEN_ISSUED","room":"Room89","username":"ks","ts":"2026-03-10T11:53:36.942Z"}
{"event":"TOKEN_ISSUED","room":"demo","username":"la","ts":"2026-03-10T12:07:08.325Z"}
{"event":"TOKEN_ISSUED","room":"demo","username":"la","ts":"2026-03-10T12:11:57.170Z"}
{"event":"TOKEN_ISSUED","room":"demo","username":"la","ts":"2026-03-10T12:11:59.639Z"}
{"event":"TOKEN_ISSUED","room":"Room89","username":"karthik vanjarapu karthik","ts":"2026-03-10T13:22:52.818Z"}
{"event":"TOKEN_ISSUED","room":"Room89","username":"karthik vanjarapu karthik","ts":"2026-03-10T13:22:56.957Z"}
{"event":"TOKEN_ISSUED","room":"Room89","username":"karthik vanjarapu karthik","ts":"2026-03-10T13:22:58.078Z"}
{"event":"TOKEN_ISSUED","room":"Room89","username":"karthik vanjarapu karthik","ts":"2026-03-10T13:23:00.599Z"}
{"event":"TOKEN_ISSUED","room":"Room89","username":"karthik","ts":"2026-03-10T13:23:07.000Z"}
{"event":"TOKEN_ISSUED","room":"Room89","username":"karthik","ts":"2026-03-10T13:23:11.892Z"}
{"event":"TOKEN_ISSUED","room":"demo","username":"kat","ts":"2026-03-10T13:25:50.201Z"}
{"event":"TOKEN_ISSUED","room":"demo","username":"kat","ts":"2026-03-10T13:25:52.092Z"}
{"event":"TOKEN_ISSUED","room":"demo","username":"kat","ts":"2026-03-10T13:38:15.779Z"}
{"event":"TOKEN_ISSUED","room":"demo","username":"kat","ts":"2026-03-10T13:38:22.490Z"}
{"event":"TOKEN_ISSUED","room":"demo","username":"l","ts":"2026-03-10T13:39:28.525Z"}
{"event":"TOKEN_ISSUED","room":"demo","username":"ka","ts":"2026-03-10T13:51:32.620Z"}
{"event":"TOKEN_ISSUED","room":"demo","username":"ka","ts":"2026-03-10T13:51:35.088Z"}
{"event":"TOKEN_ISSUED","room":"demo","username":"l","ts":"2026-03-10T13:57:20.233Z"}
{"event":"TOKEN_ISSUED","room":"demo","username":"l","ts":"2026-03-10T13:57:27.265Z"}
{"event":"TOKEN_ISSUED","room":"demo","username":"l","ts":"2026-03-10T13:59:00.764Z"}
{"event":"TOKEN_ISSUED","room":"test","username":"karthik","ts":"2026-03-10T14:00:26.708Z"}
{"event":"TOKEN_ISSUED","room":"test","username":"karthik","ts":"2026-03-10T14:09:09.495Z"}
{"event":"TOKEN_ISSUED","room":"demo","username":"l","ts":"2026-03-10T14:09:20.560Z"}
{"event":"TOKEN_ISSUED","room":"demo","username":"k","ts":"2026-03-10T14:10:39.756Z"}
{"event":"TOKEN_ISSUED","room":"demo","username":"k","ts":"2026-03-10T14:16:04.036Z"}
{"event":"TOKEN_ISSUED","room":"demo","username":"l","ts":"2026-03-10T14:21:56.537Z"}
{"event":"TOKEN_ISSUED","room":"demo","username":"m","ts":"2026-03-10T14:22:27.768Z"}
{"event":"TOKEN_ISSUED","room":"demo","username":"m","ts":"2026-03-10T14:55:13.311Z"}
{"event":"TOKEN_ISSUED","room":"demo","username":"m","ts":"2026-03-10T14:57:51.375Z"}
{"event":"TOKEN_ISSUED","room":"demo","username":"karthik","ts":"2026-03-10T14:59:02.114Z"}
{"event":"TOKEN_ISSUED","room":"Room78","username":"karthik","ts":"2026-03-10T14:59:33.160Z"}
{"event":"TOKEN_ISSUED","room":"Room78","username":"karthik","ts":"2026-03-10T14:59:52.940Z"}
{"event":"TOKEN_ISSUED","room":"demo","username":"o","ts":"2026-03-10T15:00:27.614Z"}
{"event":"TOKEN_ISSUED","room":"demo","username":"n","ts":"2026-03-10T15:08:14.269Z"}
{"event":"TOKEN_ISSUED","room":"demo","username":"m","ts":"2026-03-10T15:08:40.134Z"}
{"event":"TOKEN_ISSUED","room":"demo","username":"m","ts":"2026-03-10T15:09:25.448Z"}
{"event":"TOKEN_ISSUED","room":"demo","username":"m","ts":"2026-03-10T15:18:37.859Z"}
{"event":"TOKEN_ISSUED","room":"demo","username":"m","ts":"2026-03-10T15:18:49.939Z"}
{"event":"TOKEN_ISSUED","room":"Roo98","username":"kat","ts":"2026-03-10T15:23:30.392Z"}
{"event":"TOKEN_ISSUED","room":"Room78","username":"mh","ts":"2026-03-10T15:38:50.815Z"}
{"event":"TOKEN_ISSUED","room":"demo","username":"m","ts":"2026-03-10T15:39:10.219Z"}
{"event":"TOKEN_ISSUED","room":"demo","username":"smith","ts":"2026-03-10T15:58:19.388Z"}
{"event":"TOKEN_ISSUED","room":"demo","username":"mn","ts":"2026-03-10T15:59:30.497Z"}
{"event":"TOKEN_ISSUED","room":"demo","username":"ng","ts":"2026-03-10T16:01:22.898Z"}
{"event":"TOKEN_ISSUED","room":"demo","username":"n","ts":"2026-03-10T16:04:12.954Z"}
{"event":"TOKEN_ISSUED","room":"demo","username":"m","ts":"2026-03-10T16:21:28.383Z"}
{"event":"TOKEN_ISSUED","room":"demo","username":"karthik","ts":"2026-03-10T16:27:05.984Z"}
{"event":"TOKEN_ISSUED","room":"demo","username":"karthik","ts":"2026-03-10T16:40:52.160Z"}
{"event":"TOKEN_ISSUED","room":"demo","username":"karthik","ts":"2026-03-10T17:36:11.519Z"}
{"event":"TOKEN_ISSUED","room":"demo","username":"kartik","ts":"2026-03-10T18:09:33.040Z"}
{"event":"TOKEN_ISSUED","room":"demo","username":"karthik","ts":"2026-03-10T18:49:14.811Z"}
{"event":"TOKEN_ISSUED","room":"demo","username":"ka","ts":"2026-03-11T13:17:50.380Z"}
